     1                                  bits 32 ; assembling for the 32 bits architecture
     2                                  
     3                                  ; declare the EntryPoint (a label defining the very first instruction of the program)
     4                                  global start        
     5                                  
     6                                  ; declare external functions needed by our program
     7                                  extern exit               ; tell nasm that exit exists even if we won't be defining it
     8                                  import exit msvcrt.dll    ; exit is a function that ends the calling process. It is defined in msvcrt.dll
     9                                                            ; msvcrt.dll contains exit, printf and all the other important C-runtime specific functions
    10                                  
    11                                  ; our data is declared here (the variables needed by our program)
    12                                  segment data use32 class=data
    13                                      ; ...
    14 00000000 03                          a db 3
    15 00000001 07                          b db 7
    16 00000002 0B                          c db 11
    17 00000003 05                          d db 5
    18                                  ; our code starts here
    19                                  segment code use32 class=code
    20                                      start:
    21                                          ; ...
    22 00000000 A0[02000000]                    mov AL, [c] 
    23 00000005 2A05[00000000]                  SUB AL, [a]
    24 0000000B 2A05[03000000]                  SUB AL, [d]
    25 00000011 0205[02000000]                  ADD AL, [c]
    26 00000017 2A05[01000000]                  SUB AL, [b]
    27 0000001D 2A05[00000000]                  SUB AL, [a]
    28                                          ; exit(0)
    29 00000023 6A00                            push    dword 0      ; push the parameter for exit onto the stack
    30 00000025 FF15[00000000]                  call    [exit]       ; call exit to terminate the program
